2025-09-12 15:54:55 0 [Note] Starting MariaDB 10.4.32-MariaDB source revision c4143f909528e3fab0677a28631d10389354c491 as process 5328
2025-09-12 15:54:55 0 [Note] InnoDB: Mutexes and rw_locks use Windows interlocked functions
2025-09-12 15:54:55 0 [Note] InnoDB: Uses event mutexes
2025-09-12 15:54:55 0 [Note] InnoDB: Compressed tables use zlib 1.3
2025-09-12 15:54:55 0 [Note] InnoDB: Number of pools: 1
2025-09-12 15:54:55 0 [Note] InnoDB: Using SSE2 crc32 instructions
2025-09-12 15:54:55 0 [Note] InnoDB: Initializing buffer pool, total size = 16M, instances = 1, chunk size = 16M
2025-09-12 15:54:55 0 [Note] InnoDB: Completed initialization of buffer pool
2025-09-12 15:54:56 0 [Note] InnoDB: Starting crash recovery from checkpoint LSN=300288
2025-09-12 15:54:58 0 [Note] InnoDB: 128 out of 128 rollback segments are active.
2025-09-12 15:54:58 0 [Note] InnoDB: Removed temporary tablespace data file: "ibtmp1"
2025-09-12 15:54:58 0 [Note] InnoDB: Creating shared tablespace for temporary tables
2025-09-12 15:54:58 0 [Note] InnoDB: Setting file 'C:\xampp\mysql\data\ibtmp1' size to 12 MB. Physically writing the file full; Please wait ...
2025-09-12 15:54:58 0 [Note] InnoDB: File 'C:\xampp\mysql\data\ibtmp1' size is now 12 MB.
2025-09-12 15:54:58 0 [Note] InnoDB: Waiting for purge to start
2025-09-12 15:54:58 0 [Note] InnoDB: 10.4.32 started; log sequence number 300297; transaction id 170
2025-09-12 15:54:58 0 [Note] Plugin 'FEEDBACK' is disabled.
2025-09-12 15:54:58 0 [Note] InnoDB: Loading buffer pool(s) from C:\xampp\mysql\data\ib_buffer_pool
2025-09-12 15:54:58 0 [Note] InnoDB: Buffer pool(s) load completed at 250912 15:54:58
2025-09-12 15:54:59 0 [Note] Server socket created on IP: '::'.
2025-10-26 11:15:39 0 [Note] Starting MariaDB 10.4.32-MariaDB source revision c4143f909528e3fab0677a28631d10389354c491 as process 6148
2025-10-26 11:15:40 0 [Note] InnoDB: Mutexes and rw_locks use Windows interlocked functions
2025-10-26 11:15:40 0 [Note] InnoDB: Uses event mutexes
2025-10-26 11:15:40 0 [Note] InnoDB: Compressed tables use zlib 1.3
2025-10-26 11:15:40 0 [Note] InnoDB: Number of pools: 1
2025-10-26 11:15:40 0 [Note] InnoDB: Using SSE2 crc32 instructions
2025-10-26 11:15:40 0 [Note] InnoDB: Initializing buffer pool, total size = 16M, instances = 1, chunk size = 16M
2025-10-26 11:15:40 0 [Note] InnoDB: Completed initialization of buffer pool
2025-10-26 11:15:40 0 [Note] InnoDB: Starting crash recovery from checkpoint LSN=300306
2025-10-26 11:15:42 0 [Note] InnoDB: 128 out of 128 rollback segments are active.
2025-10-26 11:15:42 0 [Note] InnoDB: Removed temporary tablespace data file: "ibtmp1"
2025-10-26 11:15:42 0 [Note] InnoDB: Creating shared tablespace for temporary tables
2025-10-26 11:15:42 0 [Note] InnoDB: Setting file 'C:\xampp\mysql\data\ibtmp1' size to 12 MB. Physically writing the file full; Please wait ...
2025-10-26 11:15:42 0 [Note] InnoDB: File 'C:\xampp\mysql\data\ibtmp1' size is now 12 MB.
2025-10-26 11:15:42 0 [Note] InnoDB: Waiting for purge to start
2025-10-26 11:15:42 0 [Note] InnoDB: 10.4.32 started; log sequence number 300315; transaction id 170
2025-10-26 11:15:42 0 [Note] InnoDB: Loading buffer pool(s) from C:\xampp\mysql\data\ib_buffer_pool
2025-10-26 11:15:42 0 [Note] Plugin 'FEEDBACK' is disabled.
2025-10-26 11:15:43 0 [Note] InnoDB: Buffer pool(s) load completed at 251026 11:15:43
2025-10-26 11:15:43 0 [Note] Server socket created on IP: '::'.
2025-11-10  7:10:35 0 [Note] Starting MariaDB 10.4.32-MariaDB source revision c4143f909528e3fab0677a28631d10389354c491 as process 5080
2025-11-10  7:10:35 0 [Note] InnoDB: Mutexes and rw_locks use Windows interlocked functions
2025-11-10  7:10:35 0 [Note] InnoDB: Uses event mutexes
2025-11-10  7:10:35 0 [Note] InnoDB: Compressed tables use zlib 1.3
2025-11-10  7:10:35 0 [Note] InnoDB: Number of pools: 1
2025-11-10  7:10:35 0 [Note] InnoDB: Using SSE2 crc32 instructions
2025-11-10  7:10:35 0 [Note] InnoDB: Initializing buffer pool, total size = 16M, instances = 1, chunk size = 16M
2025-11-10  7:10:35 0 [Note] InnoDB: Completed initialization of buffer pool
2025-11-10  7:10:36 0 [Note] InnoDB: Starting crash recovery from checkpoint LSN=1325507
2025-11-10  7:10:46 0 [Note] InnoDB: 128 out of 128 rollback segments are active.
2025-11-10  7:10:46 0 [Note] InnoDB: Removed temporary tablespace data file: "ibtmp1"
2025-11-10  7:10:46 0 [Note] InnoDB: Creating shared tablespace for temporary tables
2025-11-10  7:10:46 0 [Note] InnoDB: Setting file 'C:\xampp\mysql\data\ibtmp1' size to 12 MB. Physically writing the file full; Please wait ...
2025-11-10  7:10:46 0 [Note] InnoDB: File 'C:\xampp\mysql\data\ibtmp1' size is now 12 MB.
2025-11-10  7:10:46 0 [Note] InnoDB: Waiting for purge to start
2025-11-10  7:10:46 0 [Note] InnoDB: 10.4.32 started; log sequence number 1325516; transaction id 500
2025-11-10  7:10:46 0 [Note] InnoDB: Loading buffer pool(s) from C:\xampp\mysql\data\ib_buffer_pool
2025-11-10  7:10:46 0 [Note] Plugin 'FEEDBACK' is disabled.
2025-11-10  7:10:47 0 [Note] InnoDB: Buffer pool(s) load completed at 251110  7:10:47
2025-11-10  7:10:48 0 [Note] Server socket created on IP: '::'.
2025-11-17  4:22:01 0 [Note] Starting MariaDB 10.4.32-MariaDB source revision c4143f909528e3fab0677a28631d10389354c491 as process 6428
2025-11-17  4:22:01 0 [Note] InnoDB: Mutexes and rw_locks use Windows interlocked functions
2025-11-17  4:22:01 0 [Note] InnoDB: Uses event mutexes
2025-11-17  4:22:01 0 [Note] InnoDB: Compressed tables use zlib 1.3
2025-11-17  4:22:01 0 [Note] InnoDB: Number of pools: 1
2025-11-17  4:22:01 0 [Note] InnoDB: Using SSE2 crc32 instructions
2025-11-17  4:22:01 0 [Note] InnoDB: Initializing buffer pool, total size = 16M, instances = 1, chunk size = 16M
2025-11-17  4:22:01 0 [Note] InnoDB: Completed initialization of buffer pool
2025-11-17  4:22:02 0 [Note] InnoDB: Starting crash recovery from checkpoint LSN=1325842
2025-11-17  4:22:04 0 [Note] InnoDB: 128 out of 128 rollback segments are active.
2025-11-17  4:22:05 0 [Note] InnoDB: Removed temporary tablespace data file: "ibtmp1"
2025-11-17  4:22:05 0 [Note] InnoDB: Creating shared tablespace for temporary tables
2025-11-17  4:22:05 0 [Note] InnoDB: Setting file 'C:\xampp\mysql\data\ibtmp1' size to 12 MB. Physically writing the file full; Please wait ...
2025-11-17  4:22:05 0 [Note] InnoDB: File 'C:\xampp\mysql\data\ibtmp1' size is now 12 MB.
2025-11-17  4:22:05 0 [Note] InnoDB: Waiting for purge to start
2025-11-17  4:22:05 0 [Note] InnoDB: 10.4.32 started; log sequence number 1325851; transaction id 523
2025-11-17  4:22:05 0 [Note] Plugin 'FEEDBACK' is disabled.
2025-11-17  4:22:05 0 [Note] InnoDB: Loading buffer pool(s) from C:\xampp\mysql\data\ib_buffer_pool
2025-11-17  4:22:05 0 [Note] InnoDB: Buffer pool(s) load completed at 251117  4:22:05
2025-11-17  4:22:06 0 [Note] Server socket created on IP: '::'.
2025-11-18 23:22:32 0 [Note] Starting MariaDB 10.4.32-MariaDB source revision c4143f909528e3fab0677a28631d10389354c491 as process 4164
2025-11-18 23:22:32 0 [Note] InnoDB: Mutexes and rw_locks use Windows interlocked functions
2025-11-18 23:22:32 0 [Note] InnoDB: Uses event mutexes
2025-11-18 23:22:32 0 [Note] InnoDB: Compressed tables use zlib 1.3
2025-11-18 23:22:32 0 [Note] InnoDB: Number of pools: 1
2025-11-18 23:22:32 0 [Note] InnoDB: Using SSE2 crc32 instructions
2025-11-18 23:22:32 0 [Note] InnoDB: Initializing buffer pool, total size = 16M, instances = 1, chunk size = 16M
2025-11-18 23:22:32 0 [Note] InnoDB: Completed initialization of buffer pool
2025-11-18 23:22:32 0 [Note] InnoDB: Starting crash recovery from checkpoint LSN=1325860
2025-11-18 23:22:33 0 [Note] InnoDB: 128 out of 128 rollback segments are active.
2025-11-18 23:22:33 0 [Note] InnoDB: Removed temporary tablespace data file: "ibtmp1"
2025-11-18 23:22:33 0 [Note] InnoDB: Creating shared tablespace for temporary tables
2025-11-18 23:22:33 0 [Note] InnoDB: Setting file 'C:\xampp\mysql\data\ibtmp1' size to 12 MB. Physically writing the file full; Please wait ...
2025-11-18 23:22:33 0 [Note] InnoDB: File 'C:\xampp\mysql\data\ibtmp1' size is now 12 MB.
2025-11-18 23:22:33 0 [Note] InnoDB: Waiting for purge to start
2025-11-18 23:22:33 0 [Note] InnoDB: 10.4.32 started; log sequence number 1325869; transaction id 523
2025-11-18 23:22:33 0 [Note] InnoDB: Loading buffer pool(s) from C:\xampp\mysql\data\ib_buffer_pool
2025-11-18 23:22:33 0 [Note] Plugin 'FEEDBACK' is disabled.
2025-11-18 23:22:33 0 [Note] InnoDB: Buffer pool(s) load completed at 251118 23:22:33
2025-11-18 23:22:33 0 [Note] Server socket created on IP: '::'.
2025-11-19  0:30:52 0 [Note] Starting MariaDB 10.4.32-MariaDB source revision c4143f909528e3fab0677a28631d10389354c491 as process 8272
2025-11-19  0:30:52 0 [Note] InnoDB: Mutexes and rw_locks use Windows interlocked functions
2025-11-19  0:30:52 0 [Note] InnoDB: Uses event mutexes
2025-11-19  0:30:52 0 [Note] InnoDB: Compressed tables use zlib 1.3
2025-11-19  0:30:52 0 [Note] InnoDB: Number of pools: 1
2025-11-19  0:30:52 0 [Note] InnoDB: Using SSE2 crc32 instructions
2025-11-19  0:30:52 0 [Note] InnoDB: Initializing buffer pool, total size = 16M, instances = 1, chunk size = 16M
2025-11-19  0:30:52 0 [Note] InnoDB: Completed initialization of buffer pool
2025-11-19  0:30:52 0 [Note] InnoDB: Starting crash recovery from checkpoint LSN=1398232
2025-11-19  0:30:53 0 [Note] InnoDB: 128 out of 128 rollback segments are active.
2025-11-19  0:30:53 0 [Note] InnoDB: Removed temporary tablespace data file: "ibtmp1"
2025-11-19  0:30:53 0 [Note] InnoDB: Creating shared tablespace for temporary tables
2025-11-19  0:30:53 0 [Note] InnoDB: Setting file 'C:\xampp\mysql\data\ibtmp1' size to 12 MB. Physically writing the file full; Please wait ...
2025-11-19  0:30:53 0 [Note] InnoDB: File 'C:\xampp\mysql\data\ibtmp1' size is now 12 MB.
2025-11-19  0:30:53 0 [Note] InnoDB: Waiting for purge to start
2025-11-19  0:30:53 0 [Note] InnoDB: 10.4.32 started; log sequence number 1398241; transaction id 667
2025-11-19  0:30:53 0 [Note] InnoDB: Loading buffer pool(s) from C:\xampp\mysql\data\ib_buffer_pool
2025-11-19  0:30:53 0 [Note] Plugin 'FEEDBACK' is disabled.
2025-11-19  0:30:53 0 [Note] InnoDB: Buffer pool(s) load completed at 251119  0:30:53
2025-11-19  0:30:53 0 [Note] Server socket created on IP: '::'.
2026-02-12  8:00:50 0 [Note] Starting MariaDB 10.4.32-MariaDB source revision c4143f909528e3fab0677a28631d10389354c491 as process 5708
2026-02-12  8:00:51 0 [Note] InnoDB: Mutexes and rw_locks use Windows interlocked functions
2026-02-12  8:00:51 0 [Note] InnoDB: Uses event mutexes
2026-02-12  8:00:51 0 [Note] InnoDB: Compressed tables use zlib 1.3
2026-02-12  8:00:51 0 [Note] InnoDB: Number of pools: 1
2026-02-12  8:00:51 0 [Note] InnoDB: Using SSE2 crc32 instructions
2026-02-12  8:00:51 0 [Note] InnoDB: Initializing buffer pool, total size = 16M, instances = 1, chunk size = 16M
2026-02-12  8:00:51 0 [Note] InnoDB: Completed initialization of buffer pool
2026-02-12  8:00:51 0 [Note] InnoDB: Starting crash recovery from checkpoint LSN=1402261
2026-02-12  8:00:51 0 [Note] InnoDB: 128 out of 128 rollback segments are active.
2026-02-12  8:00:51 0 [Note] InnoDB: Removed temporary tablespace data file: "ibtmp1"
2026-02-12  8:00:51 0 [Note] InnoDB: Creating shared tablespace for temporary tables
2026-02-12  8:00:51 0 [Note] InnoDB: Setting file 'C:\xampp\mysql\data\ibtmp1' size to 12 MB. Physically writing the file full; Please wait ...
2026-02-12  8:00:51 0 [Note] InnoDB: File 'C:\xampp\mysql\data\ibtmp1' size is now 12 MB.
2026-02-12  8:00:51 0 [Note] InnoDB: Waiting for purge to start
2026-02-12  8:00:51 0 [Note] InnoDB: 10.4.32 started; log sequence number 1402270; transaction id 699
2026-02-12  8:00:51 0 [Note] InnoDB: Loading buffer pool(s) from C:\xampp\mysql\data\ib_buffer_pool
2026-02-12  8:00:51 0 [Note] Plugin 'FEEDBACK' is disabled.
2026-02-12  8:00:51 0 [Note] InnoDB: Buffer pool(s) load completed at 260212  8:00:51
2026-02-12  8:00:52 0 [Note] Server socket created on IP: '::'.
2026-02-12  8:13:27 0 [Note] Starting MariaDB 10.4.32-MariaDB source revision c4143f909528e3fab0677a28631d10389354c491 as process 5976
2026-02-12  8:13:27 0 [Note] InnoDB: Mutexes and rw_locks use Windows interlocked functions
2026-02-12  8:13:27 0 [Note] InnoDB: Uses event mutexes
2026-02-12  8:13:27 0 [Note] InnoDB: Compressed tables use zlib 1.3
2026-02-12  8:13:27 0 [Note] InnoDB: Number of pools: 1
2026-02-12  8:13:27 0 [Note] InnoDB: Using SSE2 crc32 instructions
2026-02-12  8:13:27 0 [Note] InnoDB: Initializing buffer pool, total size = 16M, instances = 1, chunk size = 16M
2026-02-12  8:13:27 0 [Note] InnoDB: Completed initialization of buffer pool
2026-02-12  8:13:27 0 [Note] InnoDB: Starting crash recovery from checkpoint LSN=1404130
2026-02-12  8:13:27 0 [Note] InnoDB: 128 out of 128 rollback segments are active.
2026-02-12  8:13:27 0 [Note] InnoDB: Removed temporary tablespace data file: "ibtmp1"
2026-02-12  8:13:27 0 [Note] InnoDB: Creating shared tablespace for temporary tables
2026-02-12  8:13:27 0 [Note] InnoDB: Setting file 'C:\xampp\mysql\data\ibtmp1' size to 12 MB. Physically writing the file full; Please wait ...
2026-02-12  8:13:27 0 [Note] InnoDB: File 'C:\xampp\mysql\data\ibtmp1' size is now 12 MB.
2026-02-12  8:13:27 0 [Note] InnoDB: Waiting for purge to start
2026-02-12  8:13:27 0 [Note] InnoDB: 10.4.32 started; log sequence number 1404139; transaction id 735
2026-02-12  8:13:27 0 [Note] InnoDB: Loading buffer pool(s) from C:\xampp\mysql\data\ib_buffer_pool
2026-02-12  8:13:27 0 [Note] Plugin 'FEEDBACK' is disabled.
2026-02-12  8:13:27 0 [Note] InnoDB: Buffer pool(s) load completed at 260212  8:13:27
2026-02-12  8:13:28 0 [Note] Server socket created on IP: '::'.
2026-03-05  1:03:15 0 [Note] Starting MariaDB 10.4.32-MariaDB source revision c4143f909528e3fab0677a28631d10389354c491 as process 1752
2026-03-05  1:03:16 0 [Note] InnoDB: Mutexes and rw_locks use Windows interlocked functions
2026-03-05  1:03:16 0 [Note] InnoDB: Uses event mutexes
2026-03-05  1:03:16 0 [Note] InnoDB: Compressed tables use zlib 1.3
2026-03-05  1:03:16 0 [Note] InnoDB: Number of pools: 1
2026-03-05  1:03:16 0 [Note] InnoDB: Using SSE2 crc32 instructions
2026-03-05  1:03:16 0 [Note] InnoDB: Initializing buffer pool, total size = 16M, instances = 1, chunk size = 16M
2026-03-05  1:03:16 0 [Note] InnoDB: Completed initialization of buffer pool
2026-03-05  1:03:16 0 [Note] InnoDB: Starting crash recovery from checkpoint LSN=1832148
2026-03-05  1:03:17 0 [Note] InnoDB: 128 out of 128 rollback segments are active.
2026-03-05  1:03:17 0 [Note] InnoDB: Removed temporary tablespace data file: "ibtmp1"
2026-03-05  1:03:17 0 [Note] InnoDB: Creating shared tablespace for temporary tables
2026-03-05  1:03:17 0 [Note] InnoDB: Setting file 'C:\xampp\mysql\data\ibtmp1' size to 12 MB. Physically writing the file full; Please wait ...
2026-03-05  1:03:17 0 [Note] InnoDB: File 'C:\xampp\mysql\data\ibtmp1' size is now 12 MB.
2026-03-05  1:03:17 0 [Note] InnoDB: Waiting for purge to start
2026-03-05  1:03:17 0 [Note] InnoDB: 10.4.32 started; log sequence number 1832157; transaction id 1260
2026-03-05  1:03:17 0 [Note] InnoDB: Loading buffer pool(s) from C:\xampp\mysql\data\ib_buffer_pool
2026-03-05  1:03:17 0 [Note] Plugin 'FEEDBACK' is disabled.
2026-03-05  1:03:17 0 [Note] InnoDB: Buffer pool(s) load completed at 260305  1:03:17
2026-03-05  1:03:17 0 [Note] Server socket created on IP: '::'.
2026-03-05  9:50:44 0 [Note] Starting MariaDB 10.4.32-MariaDB source revision c4143f909528e3fab0677a28631d10389354c491 as process 4988
2026-03-05  9:50:47 0 [Note] InnoDB: Mutexes and rw_locks use Windows interlocked functions
2026-03-05  9:50:47 0 [Note] InnoDB: Uses event mutexes
2026-03-05  9:50:47 0 [Note] InnoDB: Compressed tables use zlib 1.3
2026-03-05  9:50:47 0 [Note] InnoDB: Number of pools: 1
2026-03-05  9:50:47 0 [Note] InnoDB: Using SSE2 crc32 instructions
2026-03-05  9:50:47 0 [Note] InnoDB: Initializing buffer pool, total size = 16M, instances = 1, chunk size = 16M
2026-03-05  9:50:47 0 [Note] InnoDB: Completed initialization of buffer pool
2026-03-05  9:50:48 0 [Note] InnoDB: Starting crash recovery from checkpoint LSN=1833073
2026-03-05  9:50:50 0 [Note] InnoDB: 128 out of 128 rollback segments are active.
2026-03-05  9:50:50 0 [Note] InnoDB: Removed temporary tablespace data file: "ibtmp1"
2026-03-05  9:50:50 0 [Note] InnoDB: Creating shared tablespace for temporary tables
2026-03-05  9:50:50 0 [Note] InnoDB: Setting file 'C:\xampp\mysql\data\ibtmp1' size to 12 MB. Physically writing the file full; Please wait ...
2026-03-05  9:50:50 0 [Note] InnoDB: File 'C:\xampp\mysql\data\ibtmp1' size is now 12 MB.
2026-03-05  9:50:50 0 [Note] InnoDB: Waiting for purge to start
2026-03-05  9:50:50 0 [Note] InnoDB: Waiting for purge to start
2026-03-05  9:50:50 0 [Note] InnoDB: Waiting for purge to start
2026-03-05  9:50:50 0 [Note] InnoDB: 10.4.32 started; log sequence number 1833082; transaction id 1294
2026-03-05  9:50:50 0 [Note] InnoDB: Loading buffer pool(s) from C:\xampp\mysql\data\ib_buffer_pool
2026-03-05  9:50:50 0 [Note] Plugin 'FEEDBACK' is disabled.
2026-03-05  9:50:51 0 [Note] InnoDB: Buffer pool(s) load completed at 260305  9:50:51
2026-03-05  9:50:54 0 [Note] Server socket created on IP: '::'.
2026-03-09 10:56:19 0 [Note] Starting MariaDB 10.4.32-MariaDB source revision c4143f909528e3fab0677a28631d10389354c491 as process 6676
2026-03-09 10:56:27 0 [Note] InnoDB: Mutexes and rw_locks use Windows interlocked functions
2026-03-09 10:56:27 0 [Note] InnoDB: Uses event mutexes
2026-03-09 10:56:27 0 [Note] InnoDB: Compressed tables use zlib 1.3
2026-03-09 10:56:28 0 [Note] InnoDB: Number of pools: 1
2026-03-09 10:56:28 0 [Note] InnoDB: Using SSE2 crc32 instructions
2026-03-09 10:56:29 0 [Note] InnoDB: Initializing buffer pool, total size = 16M, instances = 1, chunk size = 16M
2026-03-09 10:56:29 0 [Note] InnoDB: Completed initialization of buffer pool
2026-03-09 10:56:30 0 [Note] InnoDB: Starting crash recovery from checkpoint LSN=1833091
2026-03-09 10:56:35 0 [Note] InnoDB: 128 out of 128 rollback segments are active.
2026-03-09 10:56:35 0 [Note] InnoDB: Removed temporary tablespace data file: "ibtmp1"
2026-03-09 10:56:35 0 [Note] InnoDB: Creating shared tablespace for temporary tables
2026-03-09 10:56:35 0 [Note] InnoDB: Setting file 'C:\xampp\mysql\data\ibtmp1' size to 12 MB. Physically writing the file full; Please wait ...
2026-03-09 10:56:35 0 [Note] InnoDB: File 'C:\xampp\mysql\data\ibtmp1' size is now 12 MB.
2026-03-09 10:56:35 0 [Note] InnoDB: Waiting for purge to start
2026-03-09 10:56:35 0 [Note] InnoDB: Waiting for purge to start
2026-03-09 10:56:35 0 [Note] InnoDB: Waiting for purge to start
2026-03-09 10:56:35 0 [Note] InnoDB: Waiting for purge to start
2026-03-09 10:56:35 0 [Note] InnoDB: Waiting for purge to start
2026-03-09 10:56:35 0 [Note] InnoDB: Waiting for purge to start
2026-03-09 10:56:35 0 [Note] InnoDB: Waiting for purge to start
2026-03-09 10:56:35 0 [Note] InnoDB: Waiting for purge to start
2026-03-09 10:56:35 0 [Note] InnoDB: Waiting for purge to start
2026-03-09 10:56:35 0 [Note] InnoDB: Waiting for purge to start
2026-03-09 10:56:35 0 [Note] InnoDB: Waiting for purge to start
2026-03-09 10:56:35 0 [Note] InnoDB: Waiting for purge to start
2026-03-09 10:56:35 0 [Note] InnoDB: Waiting for purge to start
2026-03-09 10:56:35 0 [Note] InnoDB: Waiting for purge to start
2026-03-09 10:56:35 0 [Note] InnoDB: Waiting for purge to start
2026-03-09 10:56:36 0 [Note] InnoDB: 10.4.32 started; log sequence number 1833100; transaction id 1294
2026-03-09 10:56:36 0 [Note] InnoDB: Loading buffer pool(s) from C:\xampp\mysql\data\ib_buffer_pool
2026-03-09 10:56:36 0 [Note] Plugin 'FEEDBACK' is disabled.
2026-03-09 10:56:41 0 [Note] InnoDB: Buffer pool(s) load completed at 260309 10:56:41
2026-03-09 10:56:47 0 [Note] Server socket created on IP: '::'.
2026-03-11  3:22:53 0 [Note] Starting MariaDB 10.4.32-MariaDB source revision c4143f909528e3fab0677a28631d10389354c491 as process 2312
2026-03-11  3:22:54 0 [Note] InnoDB: Mutexes and rw_locks use Windows interlocked functions
2026-03-11  3:22:54 0 [Note] InnoDB: Uses event mutexes
2026-03-11  3:22:54 0 [Note] InnoDB: Compressed tables use zlib 1.3
2026-03-11  3:22:54 0 [Note] InnoDB: Number of pools: 1
2026-03-11  3:22:54 0 [Note] InnoDB: Using SSE2 crc32 instructions
2026-03-11  3:22:54 0 [Note] InnoDB: Initializing buffer pool, total size = 16M, instances = 1, chunk size = 16M
2026-03-11  3:22:54 0 [Note] InnoDB: Completed initialization of buffer pool
2026-03-11  3:22:55 0 [Note] InnoDB: Starting crash recovery from checkpoint LSN=1835585
2026-03-11  3:22:56 0 [Note] InnoDB: 128 out of 128 rollback segments are active.
2026-03-11  3:22:56 0 [Note] InnoDB: Removed temporary tablespace data file: "ibtmp1"
2026-03-11  3:22:56 0 [Note] InnoDB: Creating shared tablespace for temporary tables
2026-03-11  3:22:56 0 [Note] InnoDB: Setting file 'C:\xampp\mysql\data\ibtmp1' size to 12 MB. Physically writing the file full; Please wait ...
2026-03-11  3:22:56 0 [Note] InnoDB: File 'C:\xampp\mysql\data\ibtmp1' size is now 12 MB.
2026-03-11  3:22:56 0 [Note] InnoDB: Waiting for purge to start
2026-03-11  3:22:56 0 [Note] InnoDB: Waiting for purge to start
2026-03-11  3:22:56 0 [Note] InnoDB: 10.4.32 started; log sequence number 1835594; transaction id 1334
2026-03-11  3:22:56 0 [Note] InnoDB: Loading buffer pool(s) from C:\xampp\mysql\data\ib_buffer_pool
2026-03-11  3:22:57 0 [Note] Plugin 'FEEDBACK' is disabled.
2026-03-11  3:22:57 0 [Note] InnoDB: Buffer pool(s) load completed at 260311  3:22:57
2026-03-11  3:22:57 0 [Note] Server socket created on IP: '::'.
2026-03-11 19:32:05 0 [Note] Starting MariaDB 10.4.32-MariaDB source revision c4143f909528e3fab0677a28631d10389354c491 as process 3840
2026-03-11 19:32:05 0 [Note] InnoDB: Mutexes and rw_locks use Windows interlocked functions
2026-03-11 19:32:05 0 [Note] InnoDB: Uses event mutexes
2026-03-11 19:32:05 0 [Note] InnoDB: Compressed tables use zlib 1.3
2026-03-11 19:32:05 0 [Note] InnoDB: Number of pools: 1
2026-03-11 19:32:05 0 [Note] InnoDB: Using SSE2 crc32 instructions
2026-03-11 19:32:05 0 [Note] InnoDB: Initializing buffer pool, total size = 16M, instances = 1, chunk size = 16M
2026-03-11 19:32:05 0 [Note] InnoDB: Completed initialization of buffer pool
2026-03-11 19:32:05 0 [Note] InnoDB: Starting crash recovery from checkpoint LSN=1836856
2026-03-11 19:32:08 0 [Note] InnoDB: 128 out of 128 rollback segments are active.
2026-03-11 19:32:08 0 [Note] InnoDB: Removed temporary tablespace data file: "ibtmp1"
2026-03-11 19:32:08 0 [Note] InnoDB: Creating shared tablespace for temporary tables
2026-03-11 19:32:08 0 [Note] InnoDB: Setting file 'C:\xampp\mysql\data\ibtmp1' size to 12 MB. Physically writing the file full; Please wait ...
2026-03-11 19:32:08 0 [Note] InnoDB: File 'C:\xampp\mysql\data\ibtmp1' size is now 12 MB.
2026-03-11 19:32:08 0 [Note] InnoDB: Waiting for purge to start
2026-03-11 19:32:08 0 [Note] InnoDB: Waiting for purge to start
2026-03-11 19:32:08 0 [Note] InnoDB: Waiting for purge to start
2026-03-11 19:32:08 0 [Note] InnoDB: 10.4.32 started; log sequence number 1836865; transaction id 1371
2026-03-11 19:32:08 0 [Note] InnoDB: Loading buffer pool(s) from C:\xampp\mysql\data\ib_buffer_pool
2026-03-11 19:32:08 0 [Note] Plugin 'FEEDBACK' is disabled.
2026-03-11 19:32:08 0 [Note] InnoDB: Buffer pool(s) load completed at 260311 19:32:08
2026-03-11 19:32:09 0 [Note] Server socket created on IP: '::'.
2026-03-12  1:14:38 0 [Note] Starting MariaDB 10.4.32-MariaDB source revision c4143f909528e3fab0677a28631d10389354c491 as process 5964
2026-03-12  1:14:39 0 [Note] InnoDB: Mutexes and rw_locks use Windows interlocked functions
2026-03-12  1:14:39 0 [Note] InnoDB: Uses event mutexes
2026-03-12  1:14:39 0 [Note] InnoDB: Compressed tables use zlib 1.3
2026-03-12  1:14:39 0 [Note] InnoDB: Number of pools: 1
2026-03-12  1:14:39 0 [Note] InnoDB: Using SSE2 crc32 instructions
2026-03-12  1:14:39 0 [Note] InnoDB: Initializing buffer pool, total size = 16M, instances = 1, chunk size = 16M
2026-03-12  1:14:39 0 [Note] InnoDB: Completed initialization of buffer pool
2026-03-12  1:14:39 0 [Note] InnoDB: Starting crash recovery from checkpoint LSN=1851364
2026-03-12  1:14:40 0 [Note] InnoDB: 128 out of 128 rollback segments are active.
2026-03-12  1:14:40 0 [Note] InnoDB: Removed temporary tablespace data file: "ibtmp1"
2026-03-12  1:14:40 0 [Note] InnoDB: Creating shared tablespace for temporary tables
2026-03-12  1:14:40 0 [Note] InnoDB: Setting file 'C:\xampp\mysql\data\ibtmp1' size to 12 MB. Physically writing the file full; Please wait ...
2026-03-12  1:14:40 0 [Note] InnoDB: File 'C:\xampp\mysql\data\ibtmp1' size is now 12 MB.
2026-03-12  1:14:40 0 [Note] InnoDB: Waiting for purge to start
2026-03-12  1:14:40 0 [Note] InnoDB: Waiting for purge to start
2026-03-12  1:14:40 0 [Note] InnoDB: 10.4.32 started; log sequence number 1851373; transaction id 1446
2026-03-12  1:14:40 0 [Note] InnoDB: Loading buffer pool(s) from C:\xampp\mysql\data\ib_buffer_pool
2026-03-12  1:14:40 0 [Note] Plugin 'FEEDBACK' is disabled.
2026-03-12  1:14:40 0 [Note] InnoDB: Buffer pool(s) load completed at 260312  1:14:40
2026-03-12  1:14:41 0 [Note] Server socket created on IP: '::'.
2026-03-12  4:26:41 0 [Note] Starting MariaDB 10.4.32-MariaDB source revision c4143f909528e3fab0677a28631d10389354c491 as process 6224
2026-03-12  4:26:41 0 [Note] InnoDB: Mutexes and rw_locks use Windows interlocked functions
2026-03-12  4:26:41 0 [Note] InnoDB: Uses event mutexes
2026-03-12  4:26:41 0 [Note] InnoDB: Compressed tables use zlib 1.3
2026-03-12  4:26:41 0 [Note] InnoDB: Number of pools: 1
2026-03-12  4:26:41 0 [Note] InnoDB: Using SSE2 crc32 instructions
2026-03-12  4:26:41 0 [Note] InnoDB: Initializing buffer pool, total size = 16M, instances = 1, chunk size = 16M
2026-03-12  4:26:41 0 [Note] InnoDB: Completed initialization of buffer pool
2026-03-12  4:26:41 0 [Note] InnoDB: Starting crash recovery from checkpoint LSN=1855030
2026-03-12  4:26:43 0 [Note] InnoDB: 128 out of 128 rollback segments are active.
2026-03-12  4:26:43 0 [Note] InnoDB: Removed temporary tablespace data file: "ibtmp1"
2026-03-12  4:26:43 0 [Note] InnoDB: Creating shared tablespace for temporary tables
2026-03-12  4:26:43 0 [Note] InnoDB: Setting file 'C:\xampp\mysql\data\ibtmp1' size to 12 MB. Physically writing the file full; Please wait ...
2026-03-12  4:26:43 0 [Note] InnoDB: File 'C:\xampp\mysql\data\ibtmp1' size is now 12 MB.
2026-03-12  4:26:43 0 [Note] InnoDB: Waiting for purge to start
2026-03-12  4:26:43 0 [Note] InnoDB: 10.4.32 started; log sequence number 1855039; transaction id 1488
2026-03-12  4:26:43 0 [Note] InnoDB: Loading buffer pool(s) from C:\xampp\mysql\data\ib_buffer_pool
2026-03-12  4:26:43 0 [Note] Plugin 'FEEDBACK' is disabled.
2026-03-12  4:26:43 0 [Note] InnoDB: Buffer pool(s) load completed at 260312  4:26:43
2026-03-12  4:26:44 0 [Note] Server socket created on IP: '::'.
2026-03-12 10:17:42 0 [Note] Starting MariaDB 10.4.32-MariaDB source revision c4143f909528e3fab0677a28631d10389354c491 as process 6548
2026-03-12 10:17:42 0 [Note] InnoDB: Mutexes and rw_locks use Windows interlocked functions
2026-03-12 10:17:42 0 [Note] InnoDB: Uses event mutexes
2026-03-12 10:17:42 0 [Note] InnoDB: Compressed tables use zlib 1.3
2026-03-12 10:17:42 0 [Note] InnoDB: Number of pools: 1
2026-03-12 10:17:42 0 [Note] InnoDB: Using SSE2 crc32 instructions
2026-03-12 10:17:42 0 [Note] InnoDB: Initializing buffer pool, total size = 16M, instances = 1, chunk size = 16M
2026-03-12 10:17:42 0 [Note] InnoDB: Completed initialization of buffer pool
2026-03-12 10:17:43 0 [Note] InnoDB: Starting crash recovery from checkpoint LSN=1862647
2026-03-12 10:17:45 0 [Note] InnoDB: 128 out of 128 rollback segments are active.
2026-03-12 10:17:45 0 [Note] InnoDB: Removed temporary tablespace data file: "ibtmp1"
2026-03-12 10:17:45 0 [Note] InnoDB: Creating shared tablespace for temporary tables
2026-03-12 10:17:45 0 [Note] InnoDB: Setting file 'C:\xampp\mysql\data\ibtmp1' size to 12 MB. Physically writing the file full; Please wait ...
2026-03-12 10:17:45 0 [Note] InnoDB: File 'C:\xampp\mysql\data\ibtmp1' size is now 12 MB.
2026-03-12 10:17:45 0 [Note] InnoDB: Waiting for purge to start
2026-03-12 10:17:45 0 [Note] InnoDB: 10.4.32 started; log sequence number 1862672; transaction id 1549
2026-03-12 10:17:45 0 [Note] InnoDB: Loading buffer pool(s) from C:\xampp\mysql\data\ib_buffer_pool
2026-03-12 10:17:45 0 [Note] Plugin 'FEEDBACK' is disabled.
2026-03-12 10:17:46 0 [Note] InnoDB: Buffer pool(s) load completed at 260312 10:17:46
2026-03-12 10:17:46 0 [Note] Server socket created on IP: '::'.
2026-03-20  3:10:08 0 [Note] Starting MariaDB 10.4.32-MariaDB source revision c4143f909528e3fab0677a28631d10389354c491 as process 6928
2026-03-20  3:10:09 0 [Note] InnoDB: Mutexes and rw_locks use Windows interlocked functions
2026-03-20  3:10:09 0 [Note] InnoDB: Uses event mutexes
2026-03-20  3:10:09 0 [Note] InnoDB: Compressed tables use zlib 1.3
2026-03-20  3:10:09 0 [Note] InnoDB: Number of pools: 1
2026-03-20  3:10:09 0 [Note] InnoDB: Using SSE2 crc32 instructions
2026-03-20  3:10:09 0 [Note] InnoDB: Initializing buffer pool, total size = 16M, instances = 1, chunk size = 16M
2026-03-20  3:10:09 0 [Note] InnoDB: Completed initialization of buffer pool
2026-03-20  3:10:09 0 [Note] InnoDB: Starting crash recovery from checkpoint LSN=1864244
2026-03-20  3:10:11 0 [Note] InnoDB: 128 out of 128 rollback segments are active.
2026-03-20  3:10:12 0 [Note] InnoDB: Removed temporary tablespace data file: "ibtmp1"
2026-03-20  3:10:12 0 [Note] InnoDB: Creating shared tablespace for temporary tables
2026-03-20  3:10:12 0 [Note] InnoDB: Setting file 'C:\xampp\mysql\data\ibtmp1' size to 12 MB. Physically writing the file full; Please wait ...
2026-03-20  3:10:12 0 [Note] InnoDB: File 'C:\xampp\mysql\data\ibtmp1' size is now 12 MB.
2026-03-20  3:10:12 0 [Note] InnoDB: Waiting for purge to start
2026-03-20  3:10:12 0 [Note] InnoDB: 10.4.32 started; log sequence number 1864253; transaction id 1583
2026-03-20  3:10:12 0 [Note] InnoDB: Loading buffer pool(s) from C:\xampp\mysql\data\ib_buffer_pool
2026-03-20  3:10:12 0 [Note] Plugin 'FEEDBACK' is disabled.
2026-03-20  3:10:12 0 [Note] InnoDB: Buffer pool(s) load completed at 260320  3:10:12
2026-03-20  3:10:13 0 [Note] Server socket created on IP: '::'.
2026-03-20  4:48:58 0 [Note] Starting MariaDB 10.4.32-MariaDB source revision c4143f909528e3fab0677a28631d10389354c491 as process 6080
2026-03-20  4:48:58 0 [Note] InnoDB: Mutexes and rw_locks use Windows interlocked functions
2026-03-20  4:48:58 0 [Note] InnoDB: Uses event mutexes
2026-03-20  4:48:58 0 [Note] InnoDB: Compressed tables use zlib 1.3
2026-03-20  4:48:58 0 [Note] InnoDB: Number of pools: 1
2026-03-20  4:48:58 0 [Note] InnoDB: Using SSE2 crc32 instructions
2026-03-20  4:48:58 0 [Note] InnoDB: Initializing buffer pool, total size = 16M, instances = 1, chunk size = 16M
2026-03-20  4:48:58 0 [Note] InnoDB: Completed initialization of buffer pool
2026-03-20  4:48:58 0 [Note] InnoDB: Starting crash recovery from checkpoint LSN=1865157
2026-03-20  4:49:00 0 [Note] InnoDB: 128 out of 128 rollback segments are active.
2026-03-20  4:49:01 0 [Note] InnoDB: Removed temporary tablespace data file: "ibtmp1"
2026-03-20  4:49:01 0 [Note] InnoDB: Creating shared tablespace for temporary tables
2026-03-20  4:49:01 0 [Note] InnoDB: Setting file 'C:\xampp\mysql\data\ibtmp1' size to 12 MB. Physically writing the file full; Please wait ...
2026-03-20  4:49:01 0 [Note] InnoDB: File 'C:\xampp\mysql\data\ibtmp1' size is now 12 MB.
2026-03-20  4:49:01 0 [Note] InnoDB: Waiting for purge to start
2026-03-20  4:49:01 0 [Note] InnoDB: 10.4.32 started; log sequence number 1865166; transaction id 1596
2026-03-20  4:49:01 0 [Note] InnoDB: Loading buffer pool(s) from C:\xampp\mysql\data\ib_buffer_pool
2026-03-20  4:49:01 0 [Note] Plugin 'FEEDBACK' is disabled.
2026-03-20  4:49:01 0 [Note] Server socket created on IP: '::'.
2026-03-23 14:11:51 0 [Note] Starting MariaDB 10.4.32-MariaDB source revision c4143f909528e3fab0677a28631d10389354c491 as process 3716
2026-03-23 14:11:51 0 [Note] InnoDB: Mutexes and rw_locks use Windows interlocked functions
2026-03-23 14:11:51 0 [Note] InnoDB: Uses event mutexes
2026-03-23 14:11:51 0 [Note] InnoDB: Compressed tables use zlib 1.3
2026-03-23 14:11:51 0 [Note] InnoDB: Number of pools: 1
2026-03-23 14:11:51 0 [Note] InnoDB: Using SSE2 crc32 instructions
2026-03-23 14:11:51 0 [Note] InnoDB: Initializing buffer pool, total size = 16M, instances = 1, chunk size = 16M
2026-03-23 14:11:51 0 [Note] InnoDB: Completed initialization of buffer pool
2026-03-23 14:11:51 0 [Note] InnoDB: Starting crash recovery from checkpoint LSN=1865175
2026-03-23 14:11:51 0 [Note] InnoDB: 128 out of 128 rollback segments are active.
2026-03-23 14:11:51 0 [Note] InnoDB: Removed temporary tablespace data file: "ibtmp1"
2026-03-23 14:11:51 0 [Note] InnoDB: Creating shared tablespace for temporary tables
2026-03-23 14:11:51 0 [Note] InnoDB: Setting file 'C:\xampp\mysql\data\ibtmp1' size to 12 MB. Physically writing the file full; Please wait ...
2026-03-23 14:11:51 0 [Note] InnoDB: File 'C:\xampp\mysql\data\ibtmp1' size is now 12 MB.
2026-03-23 14:11:51 0 [Note] InnoDB: Waiting for purge to start
2026-03-23 14:11:51 0 [Note] InnoDB: 10.4.32 started; log sequence number 1865184; transaction id 1596
2026-03-23 14:11:51 0 [Note] InnoDB: Loading buffer pool(s) from C:\xampp\mysql\data\ib_buffer_pool
2026-03-23 14:11:51 0 [Note] Plugin 'FEEDBACK' is disabled.
2026-03-23 14:11:51 0 [Note] Server socket created on IP: '::'.
2026-03-26 13:06:18 0 [Note] Starting MariaDB 10.4.32-MariaDB source revision c4143f909528e3fab0677a28631d10389354c491 as process 6160
2026-03-26 13:06:19 0 [Note] InnoDB: Mutexes and rw_locks use Windows interlocked functions
2026-03-26 13:06:19 0 [Note] InnoDB: Uses event mutexes
2026-03-26 13:06:19 0 [Note] InnoDB: Compressed tables use zlib 1.3
2026-03-26 13:06:19 0 [Note] InnoDB: Number of pools: 1
2026-03-26 13:06:19 0 [Note] InnoDB: Using SSE2 crc32 instructions
2026-03-26 13:06:19 0 [Note] InnoDB: Initializing buffer pool, total size = 16M, instances = 1, chunk size = 16M
2026-03-26 13:06:19 0 [Note] InnoDB: Completed initialization of buffer pool
2026-03-26 13:06:19 0 [Note] InnoDB: Starting crash recovery from checkpoint LSN=1867135
2026-03-26 13:06:20 0 [Note] InnoDB: 128 out of 128 rollback segments are active.
2026-03-26 13:06:20 0 [Note] InnoDB: Removed temporary tablespace data file: "ibtmp1"
2026-03-26 13:06:20 0 [Note] InnoDB: Creating shared tablespace for temporary tables
2026-03-26 13:06:20 0 [Note] InnoDB: Setting file 'C:\xampp\mysql\data\ibtmp1' size to 12 MB. Physically writing the file full; Please wait ...
2026-03-26 13:06:20 0 [Note] InnoDB: File 'C:\xampp\mysql\data\ibtmp1' size is now 12 MB.
2026-03-26 13:06:20 0 [Note] InnoDB: Waiting for purge to start
2026-03-26 13:06:20 0 [Note] InnoDB: 10.4.32 started; log sequence number 1867144; transaction id 1634
2026-03-26 13:06:20 0 [Note] InnoDB: Loading buffer pool(s) from C:\xampp\mysql\data\ib_buffer_pool
2026-03-26 13:06:20 0 [Note] Plugin 'FEEDBACK' is disabled.
2026-03-26 13:06:20 0 [Note] InnoDB: Buffer pool(s) load completed at 260326 13:06:20
2026-03-26 13:06:20 0 [Note] Server socket created on IP: '::'.
2026-03-30 13:25:23 0 [Note] Starting MariaDB 10.4.32-MariaDB source revision c4143f909528e3fab0677a28631d10389354c491 as process 3364
2026-03-30 13:25:23 0 [Note] InnoDB: Mutexes and rw_locks use Windows interlocked functions
2026-03-30 13:25:23 0 [Note] InnoDB: Uses event mutexes
2026-03-30 13:25:23 0 [Note] InnoDB: Compressed tables use zlib 1.3
2026-03-30 13:25:23 0 [Note] InnoDB: Number of pools: 1
2026-03-30 13:25:23 0 [Note] InnoDB: Using SSE2 crc32 instructions
2026-03-30 13:25:23 0 [Note] InnoDB: Initializing buffer pool, total size = 16M, instances = 1, chunk size = 16M
2026-03-30 13:25:23 0 [Note] InnoDB: Completed initialization of buffer pool
2026-03-30 13:25:24 0 [Note] InnoDB: Starting crash recovery from checkpoint LSN=1885145
2026-03-30 13:25:25 0 [Note] InnoDB: 128 out of 128 rollback segments are active.
2026-03-30 13:25:25 0 [Note] InnoDB: Removed temporary tablespace data file: "ibtmp1"
2026-03-30 13:25:25 0 [Note] InnoDB: Creating shared tablespace for temporary tables
2026-03-30 13:25:25 0 [Note] InnoDB: Setting file 'C:\xampp\mysql\data\ibtmp1' size to 12 MB. Physically writing the file full; Please wait ...
2026-03-30 13:25:25 0 [Note] InnoDB: File 'C:\xampp\mysql\data\ibtmp1' size is now 12 MB.
2026-03-30 13:25:25 0 [Note] InnoDB: Waiting for purge to start
2026-03-30 13:25:25 0 [Note] InnoDB: 10.4.32 started; log sequence number 1885154; transaction id 1728
2026-03-30 13:25:25 0 [Note] InnoDB: Loading buffer pool(s) from C:\xampp\mysql\data\ib_buffer_pool
2026-03-30 13:25:25 0 [Note] Plugin 'FEEDBACK' is disabled.
2026-03-30 13:25:26 0 [Note] InnoDB: Buffer pool(s) load completed at 260330 13:25:26
2026-03-30 13:25:26 0 [Note] Server socket created on IP: '::'.
2026-03-30 13:27:58 0 [Note] Starting MariaDB 10.4.32-MariaDB source revision c4143f909528e3fab0677a28631d10389354c491 as process 7052
2026-03-30 13:27:58 0 [Note] InnoDB: Mutexes and rw_locks use Windows interlocked functions
2026-03-30 13:27:58 0 [Note] InnoDB: Uses event mutexes
2026-03-30 13:27:58 0 [Note] InnoDB: Compressed tables use zlib 1.3
2026-03-30 13:27:58 0 [Note] InnoDB: Number of pools: 1
2026-03-30 13:27:58 0 [Note] InnoDB: Using SSE2 crc32 instructions
2026-03-30 13:27:58 0 [Note] InnoDB: Initializing buffer pool, total size = 16M, instances = 1, chunk size = 16M
2026-03-30 13:27:58 0 [Note] InnoDB: Completed initialization of buffer pool
2026-03-30 13:27:59 0 [Note] InnoDB: 128 out of 128 rollback segments are active.
2026-03-30 13:27:59 0 [Note] InnoDB: Creating shared tablespace for temporary tables
2026-03-30 13:27:59 0 [Note] InnoDB: Setting file 'C:\xampp\mysql\data\ibtmp1' size to 12 MB. Physically writing the file full; Please wait ...
2026-03-30 13:27:59 0 [Note] InnoDB: File 'C:\xampp\mysql\data\ibtmp1' size is now 12 MB.
2026-03-30 13:27:59 0 [Note] InnoDB: Waiting for purge to start
2026-03-30 13:27:59 0 [Note] InnoDB: 10.4.32 started; log sequence number 1885172; transaction id 1728
2026-03-30 13:27:59 0 [Note] InnoDB: Loading buffer pool(s) from C:\xampp\mysql\data\ib_buffer_pool
2026-03-30 13:27:59 0 [Note] Plugin 'FEEDBACK' is disabled.
2026-03-30 13:27:59 0 [Note] Server socket created on IP: '::'.
2026-03-30 13:48:07 0 [Note] Starting MariaDB 10.4.32-MariaDB source revision c4143f909528e3fab0677a28631d10389354c491 as process 6652
2026-03-30 13:48:07 0 [Note] InnoDB: Mutexes and rw_locks use Windows interlocked functions
2026-03-30 13:48:07 0 [Note] InnoDB: Uses event mutexes
2026-03-30 13:48:07 0 [Note] InnoDB: Compressed tables use zlib 1.3
2026-03-30 13:48:07 0 [Note] InnoDB: Number of pools: 1
2026-03-30 13:48:07 0 [Note] InnoDB: Using SSE2 crc32 instructions
2026-03-30 13:48:07 0 [Note] InnoDB: Initializing buffer pool, total size = 16M, instances = 1, chunk size = 16M
2026-03-30 13:48:07 0 [Note] InnoDB: Completed initialization of buffer pool
2026-03-30 13:48:07 0 [Note] InnoDB: 128 out of 128 rollback segments are active.
2026-03-30 13:48:07 0 [Note] InnoDB: Creating shared tablespace for temporary tables
2026-03-30 13:48:07 0 [Note] InnoDB: Setting file 'C:\xampp\mysql\data\ibtmp1' size to 12 MB. Physically writing the file full; Please wait ...
2026-03-30 13:48:07 0 [Note] InnoDB: File 'C:\xampp\mysql\data\ibtmp1' size is now 12 MB.
2026-03-30 13:48:07 0 [Note] InnoDB: Waiting for purge to start
2026-03-30 13:48:07 0 [Note] InnoDB: 10.4.32 started; log sequence number 1885197; transaction id 1728
2026-03-30 13:48:07 0 [Note] InnoDB: Loading buffer pool(s) from C:\xampp\mysql\data\ib_buffer_pool
2026-03-30 13:48:07 0 [Note] Plugin 'FEEDBACK' is disabled.
2026-03-30 13:48:07 0 [Note] Server socket created on IP: '::'.
2026-03-31  4:23:17 0 [Note] Starting MariaDB 10.4.32-MariaDB source revision c4143f909528e3fab0677a28631d10389354c491 as process 6432
2026-03-31  4:23:17 0 [Note] InnoDB: Mutexes and rw_locks use Windows interlocked functions
2026-03-31  4:23:17 0 [Note] InnoDB: Uses event mutexes
2026-03-31  4:23:17 0 [Note] InnoDB: Compressed tables use zlib 1.3
2026-03-31  4:23:17 0 [Note] InnoDB: Number of pools: 1
2026-03-31  4:23:17 0 [Note] InnoDB: Using SSE2 crc32 instructions
2026-03-31  4:23:17 0 [Note] InnoDB: Initializing buffer pool, total size = 16M, instances = 1, chunk size = 16M
2026-03-31  4:23:17 0 [Note] InnoDB: Completed initialization of buffer pool
2026-03-31  4:23:18 0 [Note] InnoDB: 128 out of 128 rollback segments are active.
2026-03-31  4:23:18 0 [Note] InnoDB: Creating shared tablespace for temporary tables
2026-03-31  4:23:18 0 [Note] InnoDB: Setting file 'C:\xampp\mysql\data\ibtmp1' size to 12 MB. Physically writing the file full; Please wait ...
2026-03-31  4:23:18 0 [Note] InnoDB: File 'C:\xampp\mysql\data\ibtmp1' size is now 12 MB.
2026-03-31  4:23:18 0 [Note] InnoDB: Waiting for purge to start
2026-03-31  4:23:18 0 [Note] InnoDB: 10.4.32 started; log sequence number 1885206; transaction id 1728
2026-03-31  4:23:18 0 [Note] InnoDB: Loading buffer pool(s) from C:\xampp\mysql\data\ib_buffer_pool
2026-03-31  4:23:18 0 [Note] Plugin 'FEEDBACK' is disabled.
2026-03-31  4:23:18 0 [Note] InnoDB: Buffer pool(s) load completed at 260331  4:23:18
2026-03-31  4:23:18 0 [Note] Server socket created on IP: '::'.
2026-03-31  4:45:21 0 [Note] Starting MariaDB 10.4.32-MariaDB source revision c4143f909528e3fab0677a28631d10389354c491 as process 4148
2026-03-31  4:45:22 0 [Note] InnoDB: Mutexes and rw_locks use Windows interlocked functions
2026-03-31  4:45:22 0 [Note] InnoDB: Uses event mutexes
2026-03-31  4:45:22 0 [Note] InnoDB: Compressed tables use zlib 1.3
2026-03-31  4:45:22 0 [Note] InnoDB: Number of pools: 1
2026-03-31  4:45:22 0 [Note] InnoDB: Using SSE2 crc32 instructions
2026-03-31  4:45:22 0 [Note] InnoDB: Initializing buffer pool, total size = 16M, instances = 1, chunk size = 16M
2026-03-31  4:45:22 0 [Note] InnoDB: Completed initialization of buffer pool
2026-03-31  4:45:22 0 [Note] InnoDB: 128 out of 128 rollback segments are active.
2026-03-31  4:45:22 0 [Note] InnoDB: Creating shared tablespace for temporary tables
2026-03-31  4:45:22 0 [Note] InnoDB: Setting file 'C:\xampp\mysql\data\ibtmp1' size to 12 MB. Physically writing the file full; Please wait ...
2026-03-31  4:45:22 0 [Note] InnoDB: File 'C:\xampp\mysql\data\ibtmp1' size is now 12 MB.
2026-03-31  4:45:22 0 [Note] InnoDB: Waiting for purge to start
2026-03-31  4:45:22 0 [Note] InnoDB: 10.4.32 started; log sequence number 1885215; transaction id 1728
2026-03-31  4:45:22 0 [Note] InnoDB: Loading buffer pool(s) from C:\xampp\mysql\data\ib_buffer_pool
2026-03-31  4:45:22 0 [Note] Plugin 'FEEDBACK' is disabled.
2026-03-31  4:45:22 0 [Note] InnoDB: Buffer pool(s) load completed at 260331  4:45:22
2026-03-31  4:45:22 0 [Note] Server socket created on IP: '::'.
2026-03-31  4:51:50 0 [Note] Starting MariaDB 10.4.32-MariaDB source revision c4143f909528e3fab0677a28631d10389354c491 as process 2628
2026-03-31  4:51:50 0 [Note] InnoDB: Mutexes and rw_locks use Windows interlocked functions
2026-03-31  4:51:50 0 [Note] InnoDB: Uses event mutexes
2026-03-31  4:51:50 0 [Note] InnoDB: Compressed tables use zlib 1.3
2026-03-31  4:51:50 0 [Note] InnoDB: Number of pools: 1
2026-03-31  4:51:50 0 [Note] InnoDB: Using SSE2 crc32 instructions
2026-03-31  4:51:50 0 [Note] InnoDB: Initializing buffer pool, total size = 16M, instances = 1, chunk size = 16M
2026-03-31  4:51:50 0 [Note] InnoDB: Completed initialization of buffer pool
2026-03-31  4:51:51 0 [Note] InnoDB: 128 out of 128 rollback segments are active.
2026-03-31  4:51:51 0 [Note] InnoDB: Creating shared tablespace for temporary tables
2026-03-31  4:51:51 0 [Note] InnoDB: Setting file 'C:\xampp\mysql\data\ibtmp1' size to 12 MB. Physically writing the file full; Please wait ...
2026-03-31  4:51:51 0 [Note] InnoDB: File 'C:\xampp\mysql\data\ibtmp1' size is now 12 MB.
2026-03-31  4:51:51 0 [Note] InnoDB: Waiting for purge to start
2026-03-31  4:51:51 0 [Note] InnoDB: 10.4.32 started; log sequence number 1885224; transaction id 1728
2026-03-31  4:51:51 0 [Note] InnoDB: Loading buffer pool(s) from C:\xampp\mysql\data\ib_buffer_pool
2026-03-31  4:51:51 0 [Note] Plugin 'FEEDBACK' is disabled.
2026-03-31  4:51:51 0 [Note] InnoDB: Buffer pool(s) load completed at 260331  4:51:51
2026-03-31  4:51:51 0 [Note] Server socket created on IP: '::'.
